Microsoft (R) Macro Assembler Version 14.37.32824.0	    11/04/23 12:35:15
asm02.asm						     Page 1 - 1


				.586P                          ; система подкоманд(процессор Pentium)
				.MODEL FLAT, STDCALL                  ; модель памяти, соглашение о вызове
				includelib kernel32.lib                  ; компановщику: компоновать с kernel32

				ExitProcess PROTO :DWORD                ; прототип функции для завершения процесса Windows
				MessageBoxA PROTO :DWORD, :DWORD, :DWORD, :DWORD    ; прототип API-функции MessageBoxA

				.STACK 4096                        ; выделение стека

 00000000			.CONST                          ; сегмент констант

 00000000			.DATA                          ; сегмент данных
 = 00000000			MB_OK EQU 0                      ; EQU определяет константу  
 00000000 6C 61 62 32 00	STR1 DB "lab2", 0    
 00000005 D0 E5 E7 F3 EB	STR2 DB "Результат сложения = 0", 0
	   FC F2 E0 F2 20
	   F1 EB EE E6 E5
	   ED E8 FF 20 3D
	   20 30 00
 0000001C 05			a DB 5
 0000001D 04			b DB 4
 0000001E 00000000		HW DD ?                          ; двойное слово длинной 4 байта, неинициализировано

 00000000			.CODE                          ; сегмент кода

 00000000			main PROC                        ; точка входа main
 00000000			START :                          ; метка
 00000000  B8 00000000		mov eax, 0
 00000005  02 05 0000001C R	add al, a
 0000000B  02 05 0000001D R	add al, b
 00000011  00 05 0000001A R	add [STR2 + 21], al

				INVOKE MessageBoxA, HW, OFFSET STR2, OFFSET STR1, MB_OK    ; вызов функции
				    
 0000002E  6A FF		  push -1                      ; код вовзрата процесса Windows  (параметр ExitProcess)
 00000030  E8 00000000 E	  call ExitProcess                  ; конец процедуры
 00000035			main ENDP

				end main                        ; конец модуля main
Microsoft (R) Macro Assembler Version 14.37.32824.0	    11/04/23 12:35:15
asm02.asm						     Symbols 2 - 1




Segments and Groups:

                N a m e                 Size     Length   Align   Combine Class

CONST  . . . . . . . . . . . . .	32 Bit	 00000000 Para	  Public  'CONST'	 ReadOnly
FLAT . . . . . . . . . . . . . .	GROUP
STACK  . . . . . . . . . . . . .	32 Bit	 00001000 Para	  Stack	  'STACK'	 
_DATA  . . . . . . . . . . . . .	32 Bit	 00000022 Para	  Public  'DATA'	
_TEXT  . . . . . . . . . . . . .	32 Bit	 00000035 Para	  Public  'CODE'	


Procedures, parameters, and locals:

                N a m e                 Type     Value    Attr

ExitProcess  . . . . . . . . . .	P Near	 00000000 FLAT	Length= 00000000 External STDCALL
MessageBoxA  . . . . . . . . . .	P Near	 00000000 FLAT	Length= 00000000 External STDCALL
main . . . . . . . . . . . . . .	P Near	 00000000 _TEXT	Length= 00000035 Public STDCALL
  START  . . . . . . . . . . . .	L Near	 00000000 _TEXT	


Symbols:

                N a m e                 Type     Value    Attr

@CodeSize  . . . . . . . . . . .	Number	 00000000h   
@DataSize  . . . . . . . . . . .	Number	 00000000h   
@Interface . . . . . . . . . . .	Number	 00000003h   
@Model . . . . . . . . . . . . .	Number	 00000007h   
@code  . . . . . . . . . . . . .	Text   	 _TEXT
@data  . . . . . . . . . . . . .	Text   	 FLAT
@fardata?  . . . . . . . . . . .	Text   	 FLAT
@fardata . . . . . . . . . . . .	Text   	 FLAT
@stack . . . . . . . . . . . . .	Text   	 FLAT
HW . . . . . . . . . . . . . . .	DWord	 0000001E _DATA	
MB_OK  . . . . . . . . . . . . .	Number	 00000000h   
STR1 . . . . . . . . . . . . . .	Byte	 00000000 _DATA	
STR2 . . . . . . . . . . . . . .	Byte	 00000005 _DATA	
a  . . . . . . . . . . . . . . .	Byte	 0000001C _DATA	
b  . . . . . . . . . . . . . . .	Byte	 0000001D _DATA	

	   0 Warnings
	   0 Errors
